<testsuites name="results">
  <testsuite name="all" package="all">
    <property name="random_seed" value="1784777386" />
    <testcase name="test_bug007_sfu_start_hold" classname="sim.tests.wrapper.test_sfu_wrapper" file="/home/prj/zhengs/caduceuscore/CaduceusCore/sim/tests/wrapper/test_sfu_wrapper.py" lineno="662" time="0.1797471046447754" sim_time_ns="3600.001" ratio_time="20028.144581880693" />
  </testsuite>
</testsuites>
